C:/Users/swsw4/STM32CubeIDE/workspace_1.19.0/ntr_td1/rtos_td_shell_g431/shell/shell.c:26:13:uart_read	1
C:/Users/swsw4/STM32CubeIDE/workspace_1.19.0/ntr_td1/rtos_td_shell_g431/shell/shell.c:34:12:uart_write	1
C:/Users/swsw4/STM32CubeIDE/workspace_1.19.0/ntr_td1/rtos_td_shell_g431/shell/shell.c:39:12:sh_help	2
C:/Users/swsw4/STM32CubeIDE/workspace_1.19.0/ntr_td1/rtos_td_shell_g431/shell/shell.c:50:6:shell_init	1
C:/Users/swsw4/STM32CubeIDE/workspace_1.19.0/ntr_td1/rtos_td_shell_g431/shell/shell.c:59:5:shell_add	2
C:/Users/swsw4/STM32CubeIDE/workspace_1.19.0/ntr_td1/rtos_td_shell_g431/shell/shell.c:71:12:shell_exec	6
C:/Users/swsw4/STM32CubeIDE/workspace_1.19.0/ntr_td1/rtos_td_shell_g431/shell/shell.c:105:5:shell_run	6
../Core/Src/main.c:72:5:__io_putchar	1
../Core/Src/main.c:79:6:spam	2
../Core/Src/main.c:94:6:led	3
../Core/Src/main.c:112:6:fonction	2
../Core/Src/main.c:123:6:crash_stack	2
../Core/Src/main.c:135:5:addition	2
../Core/Src/main.c:154:6:stats	2
../Core/Src/main.c:183:6:task_shell	1
../Core/Src/main.c:196:6:task_led	1
../Core/Src/main.c:205:6:task_spam	2
../Core/Src/main.c:220:6:HAL_UART_RxCpltCallback	2
../Core/Src/main.c:229:6:vApplicationStackOverflowHook	1
../Core/Src/main.c:239:6:configureTimerForRunTimeStats	1
../Core/Src/main.c:245:15:getRunTimeCounterValue	1
../Core/Src/main.c:258:5:main	4
../Core/Src/main.c:332:6:SystemClock_Config	4
../Core/Src/main.c:389:6:HAL_TIM_PeriodElapsedCallback	3
../Core/Src/main.c:410:6:Error_Handler	1
