C:/Users/swsw4/STM32CubeIDE/workspace_1.19.0/ntr_td1/rtos_td_shell_g431/shell/shell.c:26:13:uart_read	1
C:/Users/swsw4/STM32CubeIDE/workspace_1.19.0/ntr_td1/rtos_td_shell_g431/shell/shell.c:34:12:uart_write	1
C:/Users/swsw4/STM32CubeIDE/workspace_1.19.0/ntr_td1/rtos_td_shell_g431/shell/shell.c:39:12:sh_help	2
C:/Users/swsw4/STM32CubeIDE/workspace_1.19.0/ntr_td1/rtos_td_shell_g431/shell/shell.c:50:6:shell_init	1
C:/Users/swsw4/STM32CubeIDE/workspace_1.19.0/ntr_td1/rtos_td_shell_g431/shell/shell.c:59:5:shell_add	2
C:/Users/swsw4/STM32CubeIDE/workspace_1.19.0/ntr_td1/rtos_td_shell_g431/shell/shell.c:71:12:shell_exec	6
C:/Users/swsw4/STM32CubeIDE/workspace_1.19.0/ntr_td1/rtos_td_shell_g431/shell/shell.c:105:5:shell_run	6
../Core/Src/main.c:70:5:__io_putchar	1
../Core/Src/main.c:77:6:spam	2
../Core/Src/main.c:92:6:led	3
../Core/Src/main.c:110:6:fonction	2
../Core/Src/main.c:121:6:crash_stack	2
../Core/Src/main.c:133:5:addition	2
../Core/Src/main.c:149:6:task_shell	1
../Core/Src/main.c:161:6:task_led	1
../Core/Src/main.c:170:6:task_spam	2
../Core/Src/main.c:185:6:HAL_UART_RxCpltCallback	2
../Core/Src/main.c:195:6:vApplicationStackOverflowHook	1
../Core/Src/main.c:210:5:main	4
../Core/Src/main.c:285:6:SystemClock_Config	4
../Core/Src/main.c:342:6:HAL_TIM_PeriodElapsedCallback	2
../Core/Src/main.c:360:6:Error_Handler	1
